[{"vulnerability":"lama",
"source":"a",
"sink":"z",
"sanitizer":""}]