{"vulnerability":"lama",
"source":"a",
"sink":"t",
"sanitizer":""}
