{"vulnerability":"lama",
"source":"t",
"sink":"z",
"sanitizer":""}
{"vulnerability":"lama",
"source":"a",
"sink":"z",
"sanitizer":""}
