{"vulnerability":"XSS",
"source":"request",
"sink":"send_mail_jinja",
"sanitizer":"escape"}
