{"vulnerability":"lama",
"source":"indarg",
"sink":"w",
"sanitizer":""}
