[{"vulnerability":"lama",
"source":"boo",
"sink":"b",
"sanitizer":""}]