[{"vulnerability":"SQL injection",
"source":"request",
"sink":"execute",
"sanitizer":"escape_string"}]