{"vulnerability":"lama",
"source":"indarg",
"sink":"t",
"sanitizer":""}
