[{"vulnerability":"lama",
"source":"t",
"sink":"z",
"sanitizer":""}]