{"vulnerability":"lama",
"source":"d",
"sink":"z",
"sanitizer":""}