[{"vulnerability":"lama",
"source":"koneksi",
"sink":"y",
"sanitizer":""}]