{"vulnerability":"lama",
"source":"q",
"sink":"w",
"sanitizer":""}
