{"vulnerability":"SQL injection",
"source":"query_string",
"sink":"execute",
"sanitizer":""}
