[{"vulnerability":"lama",
"source":"indarg",
"sink":"z",
"sanitizer":""}]