[{"vulnerability":"lama",
"source":"b",
"sink":"substr",
"sanitizer":""},
{"vulnerability":"lama",
"source":"b",
"sink":"substr",
"sanitizer":""}]