{"vulnerability":"lama",
"source":"query2",
"sink":"z",
"sanitizer":""}
