[{"vulnerability":"lama",
"source":"koneksi",
"sink":"y",
"sanitizer":""},
{"vulnerability":"lama",
"source":"b",
"sink":"y",
"sanitizer":""}]