{"vulnerability":"lama",
"source":"koneksi",
"sink":"s",
"sanitizer":""}
