{"vulnerability":"lama",
"source":"arg3",
"sink":"x",
"sanitizer":""}
