[{"vulnerability":"lama",
"source":"indarg",
"sink":"s",
"sanitizer":""}]