{"vulnerability":"lama",
"source":"query",
"sink":"x",
"sanitizer":""}
